// Jest Snapshot v1, https://goo.gl/fbAQLP

exports[`matches snapshot 1`] = `
<button
  className="btn-icon"
  data-testid="button"
  type="button"
>
  Back
</button>
`;
